[    0.000000] Linux version 4.15.0-142-generic (buildd@lgw01-amd64-036) (gcc version 7.5.0 (Ubuntu 7.5.0-3ubuntu1~18.04)) #146-Ubuntu SMP Tue Apr 13 01:11:19 UTC 2021 (Ubuntu 4.15.0-142.146-generic 4.15.18)
[    0.000000] Command line: BOOT_IMAGE=/boot/vmlinuz-4.15.0-142-generic root=LABEL=cloudimg-rootfs ro console=tty1 console=ttyS0
[    0.000000] KERNEL supported cpus:
[    0.000000]   Intel GenuineIntel
[    0.000000]   AMD AuthenticAMD
[    0.000000]   Centaur CentaurHauls
[    0.000000] x86/fpu: Supporting XSAVE feature 0x001: 'x87 floating point registers'
[    0.000000] x86/fpu: Supporting XSAVE feature 0x002: 'SSE registers'
[    0.000000] x86/fpu: Supporting XSAVE feature 0x004: 'AVX registers'
[    0.000000] x86/fpu: xstate_offset[2]:  576, xstate_sizes[2]:  256
[    0.000000] x86/fpu: Enabled xstate features 0x7, context size is 832 bytes, using 'standard' format.
[    0.000000] e820: BIOS-provided physical RAM map:
[    0.000000] BIOS-e820: [mem 0x0000000000000000-0x000000000009fbff] usable
[    0.000000] BIOS-e820: [mem 0x000000000009fc00-0x000000000009ffff] reserved
[    0.000000] BIOS-e820: [mem 0x00000000000f0000-0x00000000000fffff] reserved
[    0.000000] BIOS-e820: [mem 0x0000000000100000-0x000000003ffeffff] usable
[    0.000000] BIOS-e820: [mem 0x000000003fff0000-0x000000003fffffff] ACPI data
[    0.000000] BIOS-e820: [mem 0x00000000fec00000-0x00000000fec00fff] reserved
[    0.000000] BIOS-e820: [mem 0x00000000fee00000-0x00000000fee00fff] reserved
[    0.000000] BIOS-e820: [mem 0x00000000fffc0000-0x00000000ffffffff] reserved
[    0.000000] NX (Execute Disable) protection: active
[    0.000000] SMBIOS 2.5 present.
[    0.000000] DMI: innotek GmbH VirtualBox/VirtualBox, BIOS VirtualBox 12/01/2006
[    0.000000] Hypervisor detected: KVM
[    0.000000] e820: last_pfn = 0x3fff0 max_arch_pfn = 0x400000000
[    0.000000] MTRR: Disabled
[    0.000000] x86/PAT: MTRRs disabled, skipping PAT initialization too.
[    0.000000] CPU MTRRs all blank - virtualized system.
[    0.000000] x86/PAT: Configuration [0-7]: WB  WT  UC- UC  WB  WT  UC- UC  
[    0.000000] found SMP MP-table at [mem 0x0009fff0-0x0009ffff]
[    0.000000] Scanning 1 areas for low memory corruption
[    0.000000] RAMDISK: [mem 0x359cd000-0x36cddfff]
[    0.000000] ACPI: Early table checksum verification disabled
[    0.000000] ACPI: RSDP 0x00000000000E0000 000024 (v02 VBOX  )
[    0.000000] ACPI: XSDT 0x000000003FFF0030 00003C (v01 VBOX   VBOXXSDT 00000001 ASL  00000061)
[    0.000000] ACPI: FACP 0x000000003FFF00F0 0000F4 (v04 VBOX   VBOXFACP 00000001 ASL  00000061)
[    0.000000] ACPI: DSDT 0x000000003FFF0470 002325 (v02 VBOX   VBOXBIOS 00000002 INTL 20100528)
[    0.000000] ACPI: FACS 0x000000003FFF0200 000040
[    0.000000] ACPI: FACS 0x000000003FFF0200 000040
[    0.000000] ACPI: APIC 0x000000003FFF0240 00005C (v02 VBOX   VBOXAPIC 00000001 ASL  00000061)
[    0.000000] ACPI: SSDT 0x000000003FFF02A0 0001CC (v01 VBOX   VBOXCPUT 00000002 INTL 20100528)
[    0.000000] No NUMA configuration found
[    0.000000] Faking a node at [mem 0x0000000000000000-0x000000003ffeffff]
[    0.000000] NODE_DATA(0) allocated [mem 0x3ffc5000-0x3ffeffff]
[    0.000000] kvm-clock: cpu 0, msr 0:3ff44001, primary cpu clock
[    0.000000] kvm-clock: Using msrs 4b564d01 and 4b564d00
[    0.000000] kvm-clock: using sched offset of 5532022652 cycles
[    0.000000] clocksource: kvm-clock: mask: 0xffffffffffffffff max_cycles: 0x1cd42e4dffb, max_idle_ns: 881590591483 ns
[    0.000000] Zone ranges:
[    0.000000]   DMA      [mem 0x0000000000001000-0x0000000000ffffff]
[    0.000000]   DMA32    [mem 0x0000000001000000-0x000000003ffeffff]
[    0.000000]   Normal   empty
[    0.000000]   Device   empty
[    0.000000] Movable zone start for each node
[    0.000000] Early memory node ranges
[    0.000000]   node   0: [mem 0x0000000000001000-0x000000000009efff]
[    0.000000]   node   0: [mem 0x0000000000100000-0x000000003ffeffff]
[    0.000000] Reserved but unavailable: 98 pages
[    0.000000] Initmem setup node 0 [mem 0x0000000000001000-0x000000003ffeffff]
[    0.000000] ACPI: PM-Timer IO Port: 0x4008
[    0.000000] IOAPIC[0]: apic_id 2, version 32, address 0xfec00000, GSI 0-23
[    0.000000] ACPI: INT_SRC_OVR (bus 0 bus_irq 0 global_irq 2 dfl dfl)
[    0.000000] ACPI: INT_SRC_OVR (bus 0 bus_irq 9 global_irq 9 low level)
[    0.000000] Using ACPI (MADT) for SMP configuration information
[    0.000000] smpboot: Allowing 2 CPUs, 0 hotplug CPUs
[    0.000000] PM: Registered nosave memory: [mem 0x00000000-0x00000fff]
[    0.000000] PM: Registered nosave memory: [mem 0x0009f000-0x0009ffff]
[    0.000000] PM: Registered nosave memory: [mem 0x000a0000-0x000effff]
[    0.000000] PM: Registered nosave memory: [mem 0x000f0000-0x000fffff]
[    0.000000] e820: [mem 0x40000000-0xfebfffff] available for PCI devices
[    0.000000] Booting paravirtualized kernel on KVM
[    0.000000] clocksource: refined-jiffies: mask: 0xffffffff max_cycles: 0xffffffff, max_idle_ns: 7645519600211568 ns
[    0.000000] random: get_random_bytes called from start_kernel+0x99/0x500 with crng_init=0
[    0.000000] setup_percpu: NR_CPUS:8192 nr_cpumask_bits:2 nr_cpu_ids:2 nr_node_ids:1
[    0.000000] percpu: Embedded 45 pages/cpu s147456 r8192 d28672 u1048576
[    0.000000] PV qspinlock hash table entries: 256 (order: 0, 4096 bytes)
[    0.000000] Built 1 zonelists, mobility grouping on.  Total pages: 257913
[    0.000000] Policy zone: DMA32
[    0.000000] Kernel command line: BOOT_IMAGE=/boot/vmlinuz-4.15.0-142-generic root=LABEL=cloudimg-rootfs ro console=tty1 console=ttyS0
[    0.000000] Memory: 982716K/1048120K available (12300K kernel code, 2483K rwdata, 4316K rodata, 2444K init, 2724K bss, 65404K reserved, 0K cma-reserved)
[    0.000000] SLUB: HWalign=64, Order=0-3, MinObjects=0, CPUs=2, Nodes=1
[    0.000000] ftrace: allocating 39434 entries in 155 pages
[    0.004000] Hierarchical RCU implementation.
[    0.004000] 	RCU restricting CPUs from NR_CPUS=8192 to nr_cpu_ids=2.
[    0.004000] 	Tasks RCU enabled.
[    0.004000] RCU: Adjusting geometry for rcu_fanout_leaf=16, nr_cpu_ids=2
[    0.004000] NR_IRQS: 524544, nr_irqs: 440, preallocated irqs: 16
[    0.004000] Console: colour VGA+ 80x25
[    0.004000] console [tty1] enabled
[    0.004000] console [ttyS0] enabled
[    0.004000] ACPI: Core revision 20170831
[    0.004000] ACPI: 2 ACPI AML tables successfully acquired and loaded
[    0.004000] APIC: Switch to symmetric I/O mode setup
[    0.004000] x2apic enabled
[    0.004000] Switched APIC routing to physical x2apic.
[    0.006972] ..TIMER: vector=0x30 apic1=0 pin1=2 apic2=-1 pin2=-1
[    0.008011] tsc: Detected 1497.588 MHz processor
[    0.012038] Calibrating delay loop (skipped) preset value.. 2995.17 BogoMIPS (lpj=5990352)
[    0.016011] pid_max: default: 32768 minimum: 301
[    0.020080] Security Framework initialized
[    0.022047] Yama: becoming mindful.
[    0.024043] AppArmor: AppArmor initialized
[    0.028000] Dentry cache hash table entries: 131072 (order: 8, 1048576 bytes)
[    0.028132] Inode-cache hash table entries: 65536 (order: 7, 524288 bytes)
[    0.032123] Mount-cache hash table entries: 2048 (order: 2, 16384 bytes)
[    0.036029] Mountpoint-cache hash table entries: 2048 (order: 2, 16384 bytes)
[    0.040716] Last level iTLB entries: 4KB 0, 2MB 0, 4MB 0
[    0.044008] Last level dTLB entries: 4KB 0, 2MB 0, 4MB 0, 1GB 0
[    0.048012] Spectre V1 : Mitigation: usercopy/swapgs barriers and __user pointer sanitization
[    0.052010] Spectre V2 : Mitigation: Full generic retpoline
[    0.056005] Spectre V2 : Spectre v2 / SpectreRSB mitigation: Filling RSB on context switch
[    0.060007] Speculative Store Bypass: Vulnerable
[    0.062717] Freeing SMP alternatives memory: 36K
[    0.180841] smpboot: CPU0: Intel(R) Core(TM) i5-1035G4 CPU @ 1.10GHz (family: 0x6, model: 0x7e, stepping: 0x5)
[    0.184208] Performance Events: unsupported p6 CPU model 126 no PMU driver, software events only.
[    0.188087] Hierarchical SRCU implementation.
[    0.193909] NMI watchdog: Perf event create on CPU 0 failed with -2
[    0.196004] NMI watchdog: Perf NMI watchdog permanently disabled
[    0.198773] smp: Bringing up secondary CPUs ...
[    0.200213] x86: Booting SMP configuration:
[    0.202173] .... node  #0, CPUs:      #1
[    0.004000] kvm-clock: cpu 1, msr 0:3ff44041, secondary cpu clock
[    0.212077] smp: Brought up 1 node, 2 CPUs
[    0.214868] smpboot: Max logical packages: 1
[    0.216016] smpboot: Total of 2 processors activated (5990.35 BogoMIPS)
[    0.224109] devtmpfs: initialized
[    0.228141] x86/mm: Memory block size: 128MB
[    0.231710] evm: security.selinux
[    0.232013] evm: security.SMACK64
[    0.234151] evm: security.SMACK64EXEC
[    0.236010] evm: security.SMACK64TRANSMUTE
[    0.240010] evm: security.SMACK64MMAP
[    0.242564] evm: security.apparmor
[    0.244006] evm: security.ima
[    0.248007] evm: security.capability
[    0.249877] clocksource: jiffies: mask: 0xffffffff max_cycles: 0xffffffff, max_idle_ns: 7645041785100000 ns
[    0.252074] futex hash table entries: 512 (order: 3, 32768 bytes)
[    0.264056] pinctrl core: initialized pinctrl subsystem
[    0.272092] RTC time:  1:41:27, date: 05/14/21
[    0.276153] NET: Registered protocol family 16
[    0.279590] audit: initializing netlink subsys (disabled)
[    0.280079] audit: type=2000 audit(1620956494.346:1): state=initialized audit_enabled=0 res=1
[    0.288018] cpuidle: using governor ladder
[    0.292021] cpuidle: using governor menu
[    0.296093] ACPI: bus type PCI registered
[    0.300008] acpiphp: ACPI Hot Plug PCI Controller Driver version: 0.5
[    0.304265] PCI: Using configuration type 1 for base access
[    0.314813] HugeTLB registered 2.00 MiB page size, pre-allocated 0 pages
[    0.316183] ACPI: Added _OSI(Module Device)
[    0.320010] ACPI: Added _OSI(Processor Device)
[    0.324009] ACPI: Added _OSI(3.0 _SCP Extensions)
[    0.327018] ACPI: Added _OSI(Processor Aggregator Device)
[    0.328010] ACPI: Added _OSI(Linux-Dell-Video)
[    0.332009] ACPI: Added _OSI(Linux-Lenovo-NV-HDMI-Audio)
[    0.336009] ACPI: Added _OSI(Linux-HPI-Hybrid-Graphics)
[    0.340868] ACPI: Executed 1 blocks of module-level executable AML code
[    0.357748] ACPI: Interpreter enabled
[    0.360038] ACPI: (supports S0 S5)
[    0.362615] ACPI: Using IOAPIC for interrupt routing
[    0.364713] PCI: Using host bridge windows from ACPI; if necessary, use "pci=nocrs" and report a bug
[    0.368466] ACPI: Enabled 2 GPEs in block 00 to 07
[    0.391516] ACPI: PCI Root Bridge [PCI0] (domain 0000 [bus 00-ff])
[    0.392020] acpi PNP0A03:00: _OSC: OS supports [ASPM ClockPM Segments MSI]
[    0.397397] acpi PNP0A03:00: _OSC: not requesting OS control; OS requires [ExtendedConfig ASPM ClockPM MSI]
[    0.400037] acpi PNP0A03:00: fail to add MMCONFIG information, can't access extended PCI configuration space under this bridge.
[    0.405234] PCI host bridge to bus 0000:00
[    0.408012] pci_bus 0000:00: root bus resource [io  0x0000-0x0cf7 window]
[    0.412022] pci_bus 0000:00: root bus resource [io  0x0d00-0xffff window]
[    0.416009] pci_bus 0000:00: root bus resource [mem 0x000a0000-0x000bffff window]
[    0.420013] pci_bus 0000:00: root bus resource [mem 0x40000000-0xfdffffff window]
[    0.424011] pci_bus 0000:00: root bus resource [bus 00-ff]
[    0.436673] pci 0000:00:01.1: legacy IDE quirk: reg 0x10: [io  0x01f0-0x01f7]
[    0.440010] pci 0000:00:01.1: legacy IDE quirk: reg 0x14: [io  0x03f6]
[    0.444011] pci 0000:00:01.1: legacy IDE quirk: reg 0x18: [io  0x0170-0x0177]
[    0.448008] pci 0000:00:01.1: legacy IDE quirk: reg 0x1c: [io  0x0376]
[    0.485249] pci 0000:00:07.0: quirk: [io  0x4000-0x403f] claimed by PIIX4 ACPI
[    0.488044] pci 0000:00:07.0: quirk: [io  0x4100-0x410f] claimed by PIIX4 SMB
[    0.508000] ACPI: PCI Interrupt Link [LNKA] (IRQs 5 9 10 *11)
[    0.508985] ACPI: PCI Interrupt Link [LNKB] (IRQs 5 9 *10 11)
[    0.512399] ACPI: PCI Interrupt Link [LNKC] (IRQs 5 *9 10 11)
[    0.520302] ACPI: PCI Interrupt Link [LNKD] (IRQs 5 9 10 *11)
[    0.524733] SCSI subsystem initialized
[    0.528124] pci 0000:00:02.0: vgaarb: setting as boot VGA device
[    0.532000] pci 0000:00:02.0: vgaarb: VGA device added: decodes=io+mem,owns=io+mem,locks=none
[    0.532015] pci 0000:00:02.0: vgaarb: bridge control possible
[    0.536007] vgaarb: loaded
[    0.538225] ACPI: bus type USB registered
[    0.540048] usbcore: registered new interface driver usbfs
[    0.544030] usbcore: registered new interface driver hub
[    0.548024] usbcore: registered new device driver usb
[    0.550566] EDAC MC: Ver: 3.0.0
[    0.552583] PCI: Using ACPI for IRQ routing
[    0.556588] NetLabel: Initializing
[    0.558688] NetLabel:  domain hash size = 128
[    0.560003] NetLabel:  protocols = UNLABELED CIPSOv4 CALIPSO
[    0.564057] NetLabel:  unlabeled traffic allowed by default
[    0.568201] clocksource: Switched to clocksource kvm-clock
[    0.624098] VFS: Disk quotas dquot_6.6.0
[    0.627211] VFS: Dquot-cache hash table entries: 512 (order 0, 4096 bytes)
[    0.631866] AppArmor: AppArmor Filesystem Enabled
[    0.636130] pnp: PnP ACPI init
[    0.641131] pnp: PnP ACPI: found 3 devices
[    0.662640] clocksource: acpi_pm: mask: 0xffffff max_cycles: 0xffffff, max_idle_ns: 2085701024 ns
[    0.668731] NET: Registered protocol family 2
[    0.670704] TCP established hash table entries: 8192 (order: 4, 65536 bytes)
[    0.677442] TCP bind hash table entries: 8192 (order: 5, 131072 bytes)
[    0.686484] TCP: Hash tables configured (established 8192 bind 8192)
[    0.695958] UDP hash table entries: 512 (order: 2, 16384 bytes)
[    0.699900] UDP-Lite hash table entries: 512 (order: 2, 16384 bytes)
[    0.702880] NET: Registered protocol family 1
[    0.704939] pci 0000:00:00.0: Limiting direct PCI/PCI transfers
[    0.708140] pci 0000:00:01.0: Activating ISA DMA hang workarounds
[    0.711444] pci 0000:00:02.0: Video device with shadowed ROM at [mem 0x000c0000-0x000dffff]
[    0.716726] Unpacking initramfs...
[    1.777351] Freeing initrd memory: 19524K
[    1.780247] clocksource: tsc: mask: 0xffffffffffffffff max_cycles: 0x15963c20e48, max_idle_ns: 440795261869 ns
[    1.784735] platform rtc_cmos: registered platform RTC device (no PNP device found)
[    1.788184] Scanning for low memory corruption every 60 seconds
[    1.792533] Initialise system trusted keyrings
[    1.795816] Key type blacklist registered
[    1.799395] workingset: timestamp_bits=36 max_order=18 bucket_order=0
[    1.805581] zbud: loaded
[    1.809717] squashfs: version 4.0 (2009/01/31) Phillip Lougher
[    1.815825] fuse init (API version 7.26)
[    1.834469] Key type asymmetric registered
[    1.837197] Asymmetric key parser 'x509' registered
[    1.840611] Block layer SCSI generic (bsg) driver version 0.4 loaded (major 246)
[    1.846069] io scheduler noop registered
[    1.849300] io scheduler deadline registered
[    1.852444] io scheduler cfq registered (default)
[    1.856536] ACPI: AC Adapter [AC] (off-line)
[    1.859380] input: Power Button as /devices/LNXSYSTM:00/LNXPWRBN:00/input/input0
[    1.865167] ACPI: Power Button [PWRF]
[    1.868661] input: Sleep Button as /devices/LNXSYSTM:00/LNXSLPBN:00/input/input1
[    1.874209] ACPI: Sleep Button [SLPF]
[    1.879893] ACPI: Battery Slot [BAT0] (battery present)
[    1.884101] Serial: 8250/16550 driver, 32 ports, IRQ sharing enabled
[    1.910967] 00:02: ttyS0 at I/O 0x3f8 (irq = 4, base_baud = 115200) is a 16550A
[    1.924936] Linux agpgart interface v0.103
[    1.932344] loop: module loaded
[    1.936595] scsi host0: ata_piix
[    1.938970] scsi host1: ata_piix
[    1.941706] ata1: PATA max UDMA/33 cmd 0x1f0 ctl 0x3f6 bmdma 0xd000 irq 14
[    1.946619] ata2: PATA max UDMA/33 cmd 0x170 ctl 0x376 bmdma 0xd008 irq 15
[    1.952316] libphy: Fixed MDIO Bus: probed
[    1.956152] tun: Universal TUN/TAP device driver, 1.6
[    1.960668] PPP generic driver version 2.4.2
[    1.964582] ehci_hcd: USB 2.0 'Enhanced' Host Controller (EHCI) Driver
[    1.968832] ehci-pci: EHCI PCI platform driver
[    1.971988] ehci-platform: EHCI generic platform driver
[    1.975672] ohci_hcd: USB 1.1 'Open' Host Controller (OHCI) Driver
[    1.979647] ohci-pci: OHCI PCI platform driver
[    1.982318] ohci-platform: OHCI generic platform driver
[    1.984675] uhci_hcd: USB Universal Host Controller Interface driver
[    1.987556] i8042: PNP: PS/2 Controller [PNP0303:PS2K,PNP0f03:PS2M] at 0x60,0x64 irq 1,12
[    1.992584] serio: i8042 KBD port at 0x60,0x64 irq 1
[    1.994987] serio: i8042 AUX port at 0x60,0x64 irq 12
[    1.999385] mousedev: PS/2 mouse device common for all mice
[    2.005508] input: AT Translated Set 2 keyboard as /devices/platform/i8042/serio0/input/input2
[    2.010887] rtc_cmos rtc_cmos: rtc core: registered rtc_cmos as rtc0
[    2.015864] rtc_cmos rtc_cmos: alarms up to one day, 114 bytes nvram
[    2.021008] i2c /dev entries driver
[    2.023989] device-mapper: uevent: version 1.0.3
[    2.028248] device-mapper: ioctl: 4.37.0-ioctl (2017-09-20) initialised: dm-devel@redhat.com
[    2.035496] ledtrig-cpu: registered to indicate activity on CPUs
[    2.041498] NET: Registered protocol family 10
[    2.056678] Segment Routing with IPv6
[    2.059822] NET: Registered protocol family 17
[    2.063122] Key type dns_resolver registered
[    2.067212] mce: Using 0 MCE banks
[    2.070132] RAS: Correctable Errors collector initialized.
[    2.073885] sched_clock: Marking stable (2073842528, 0)->(2578525937, -504683409)
[    2.081127] registered taskstats version 1
[    2.083992] Loading compiled-in X.509 certificates
[    2.093193] Loaded X.509 cert 'Build time autogenerated kernel key: 028139f94c642d40642d50ab098c4e7b0aebaa81'
[    2.099297] Loaded X.509 cert 'Canonical Ltd. Live Patch Signing: 14df34d1a87cf37625abec039ef2bf521249b969'
[    2.105618] Loaded X.509 cert 'Canonical Ltd. Kernel Module Signing: 88f752e560a1e0737e31163a466ad7b70a850c19'
[    2.110145] zswap: loaded using pool lzo/zbud
[    2.148408] Key type big_key registered
[    2.150448] Key type trusted registered
[    2.156399] Key type encrypted registered
[    2.159713] AppArmor: AppArmor sha1 policy hashing enabled
[    2.162698] ima: No TPM chip found, activating TPM-bypass! (rc=-19)
[    2.165104] ima: Allocated hash algorithm: sha1
[    2.167659] evm: HMAC attrs: 0x1
[    2.170553]   Magic number: 5:281:660
[    2.172885] rtc_cmos rtc_cmos: setting system clock to 2021-05-14 01:41:29 UTC (1620956489)
[    2.176960] BIOS EDD facility v0.16 2004-Jun-25, 0 devices found
[    2.179873] EDD information not available.
[    2.186987] Freeing unused kernel image memory: 2444K
[    2.213012] Write protecting the kernel read-only data: 20480k
[    2.220285] Freeing unused kernel image memory: 2008K
[    2.225550] Freeing unused kernel image memory: 1828K
[    2.245896] x86/mm: Checked W+X mappings: passed, no W+X pages found.
Loading, please wait...
starting version 237
[    2.438066] Fusion MPT base driver 3.04.20
[    2.441442] Copyright (c) 1999-2008 LSI Corporation
[    2.482046] e1000: Intel(R) PRO/1000 Network Driver - version 7.3.21-k8-NAPI
[    2.486577] e1000: Copyright (c) 1999-2006 Intel Corporation.
[    2.542230] Fusion MPT SPI Host driver 3.04.20
[    2.551819] AVX2 version of gcm_enc/dec engaged.
[    2.555502] AES CTR mode by8 optimization enabled
[    2.722972] input: ImExPS/2 Generic Explorer Mouse as /devices/platform/i8042/serio1/input/input4
[    3.068902] e1000 0000:00:03.0 eth0: (PCI:33MHz:32-bit) 02:d3:71:11:39:e1
[    3.074786] e1000 0000:00:03.0 eth0: Intel(R) PRO/1000 Network Connection
[    3.085559] mptbase: ioc0: Initiating bringup
[    3.087069] e1000 0000:00:03.0 enp0s3: renamed from eth0
[    3.973882] ioc0: LSI53C1030 A0: Capabilities={Initiator}
[    6.950805] scsi host2: ioc0: LSI53C1030 A0, FwRev=00000000h, Ports=1, MaxQ=256, IRQ=20
[    9.944124] scsi 2:0:0:0: Direct-Access     VBOX     HARDDISK         1.0  PQ: 0 ANSI: 5
[    9.984068] scsi target2:0:0: Beginning Domain Validation
[    9.993755] scsi target2:0:0: Domain Validation skipping write tests
[    9.999824] scsi target2:0:0: Ending Domain Validation
[   10.005489] scsi target2:0:0: asynchronous
[   10.010579] scsi 2:0:1:0: Direct-Access     VBOX     HARDDISK         1.0  PQ: 0 ANSI: 5
[   10.045037] scsi target2:0:1: Beginning Domain Validation
[   10.051321] random: fast init done
[   10.056730] scsi target2:0:1: Domain Validation skipping write tests
[   10.061307] scsi target2:0:1: Ending Domain Validation
[   10.066397] scsi target2:0:1: asynchronous
[   10.081918] random: systemd-udevd: uninitialized urandom read (16 bytes read)
[   10.082181] sd 2:0:0:0: Attached scsi generic sg0 type 0
[   10.086650] random: systemd-udevd: uninitialized urandom read (16 bytes read)
[   10.092807] sd 2:0:1:0: Attached scsi generic sg1 type 0
[   10.096262] random: systemd-udevd: uninitialized urandom read (16 bytes read)
[   10.103397] sd 2:0:0:0: [sda] 83886080 512-byte logical blocks: (42.9 GB/40.0 GiB)
[   10.107669] sd 2:0:1:0: [sdb] 20480 512-byte logical blocks: (10.5 MB/10.0 MiB)
[   10.111135] sd 2:0:1:0: [sdb] Write Protect is off
[   10.111159] sd 2:0:0:0: [sda] Write Protect is off
[   10.113595] sd 2:0:1:0: [sdb] Incomplete mode parameter data
[   10.118771] sd 2:0:1:0: [sdb] Assuming drive cache: write through
[   10.121773] sd 2:0:0:0: [sda] Incomplete mode parameter data
[   10.124780] sd 2:0:0:0: [sda] Assuming drive cache: write through
[   10.127463] sd 2:0:1:0: [sdb] Attached SCSI disk
[   10.138190]  sda: sda1
[   10.143763] sd 2:0:0:0: [sda] Attached SCSI disk
Begin: Loading essential drivers ... [   12.276916] raid6: sse2x1   gen()  3957 MB/s
[   12.324524] raid6: sse2x1   xor()  2340 MB/s
[   12.372260] raid6: sse2x2   gen()  5043 MB/s
[   12.420039] raid6: sse2x2   xor()  3301 MB/s
[   12.468583] raid6: sse2x4   gen()  5127 MB/s
[   12.516308] raid6: sse2x4   xor()  3286 MB/s
[   12.564512] raid6: avx2x1   gen()  7689 MB/s
[   12.612186] raid6: avx2x1   xor()  4735 MB/s
[   12.660100] raid6: avx2x2   gen()  9798 MB/s
[   12.708580] raid6: avx2x2   xor()  6446 MB/s
[   12.756426] raid6: avx2x4   gen()  9516 MB/s
[   12.804138] raid6: avx2x4   xor()  5903 MB/s
[   12.807042] raid6: using algorithm avx2x2 gen() 9798 MB/s
[   12.809639] raid6: .... xor() 6446 MB/s, rmw enabled
[   12.811784] raid6: using avx2x2 recovery algorithm
[   12.818163] xor: automatically using best checksumming function   avx       
[   12.826176] async_tx: api initialized (async)
done.
Begin: Running /scripts/init-premount ... done.
Begin: Mounting root file system ... Begin: Running /scripts/local-top ... done.
Begin: Running /scripts/local-premount ... [   12.957890] Btrfs loaded, crc32c=crc32c-intel
Scanning for Btrfs filesystems
done.
Warning: fsck not present, so skipping root file system
[   13.039519] EXT4-fs (sda1): mounted filesystem with ordered data mode. Opts: (null)
done.
Begin: Running /scripts/local-bottom ... done.
Begin: Running /scripts/init-bottom ... done.
[   13.334891] ip_tables: (C) 2000-2006 Netfilter Core Team
[   13.356590] systemd[1]: systemd 237 running in system mode. (+PAM +AUDIT +SELINUX +IMA +APPARMOR +SMACK +SYSVINIT +UTMP +LIBCRYPTSETUP +GCRYPT +GNUTLS +ACL +XZ +LZ4 +SECCOMP +BLKID +ELFUTILS +KMOD -IDN2 +IDN -PCRE2 default-hierarchy=hybrid)
[   13.377378] systemd[1]: Detected virtualization oracle.
[   13.382373] systemd[1]: Detected architecture x86-64.

Welcome to [1mUbuntu 18.04.5 LTS[0m!

[   13.399886] systemd[1]: Set hostname to <ubuntu>.
[   13.409268] systemd[1]: Initializing machine ID from random generator.
[   13.413681] systemd[1]: Installed transient /etc/machine-id file.
[   13.894742] systemd[1]: Created slice User and Session Slice.
[[0;32m  OK  [0m] Created slice User and Session Slice.
[   13.903993] systemd[1]: Reached target User and Group Name Lookups.
[[0;32m  OK  [0m] Reached target User and Group Name Lookups.
[   13.914710] systemd[1]: Started Forward Password Requests to Wall Directory Watch.
[[0;32m  OK  [0m] Started Forward Password Requests to Wall Directory Watch.
[   13.927362] systemd[1]: Set up automount Arbitrary Executable File Formats File System Automount Point.
[[0;32m  OK  [0m] Set up automount Arbitrary Executabâ€¦rmats File System Automount Point.
[[0;32m  OK  [0m] Created slice System Slice.
[[0;32m  OK  [0m] Listening on Journal Socket (/dev/log).
[[0;32m  OK  [0m] Listening on LVM2 poll daemon socket.
[[0;32m  OK  [0m] Listening on LVM2 metadata daemon socket.
[[0;32m  OK  [0m] Listening on /dev/initctl Compatibility Named Pipe.
[[0;32m  OK  [0m] Listening on udev Kernel Socket.
[[0;32m  OK  [0m] Reached target Slices.
[[0;32m  OK  [0m] Listening on udev Control Socket.
[[0;32m  OK  [0m] Listening on Device-mapper event daemon FIFOs.
[[0;32m  OK  [0m] Created slice system-serial\x2dgetty.slice.
[[0;32m  OK  [0m] Listening on fsck to fsckd communication Socket.
[[0;32m  OK  [0m] Listening on Network Service Netlink Socket.
[[0;32m  OK  [0m] Listening on Journal Socket.
         Mounting Kernel Debug File System...
         Starting Set the console keyboard layout...
         Starting Monitoring of LVM2 mirrorsâ€¦ng dmeventd or progress polling...
         Starting udev Coldplug all Devices...
         Mounting POSIX Message Queue File System...
         Mounting Huge Pages File System...
         Starting Create list of required stâ€¦ce nodes for the current kernel...
         Starting Uncomplicated firewall...
[[0;32m  OK  [0m] Reached target System Time Synchronized.
         Starting Load Kernel Modules...
[[0;32m  OK  [0m] Reached target Swap.
[[0;32m  OK  [0m] Listening on Journal Audit Socket.
         Starting File System Check on Root Device...
[[0;32m  OK  [0m] Listening on Syslog Socket.
         Starting Journal Service...
[[0;32m  OK  [0m] Mounted Kernel Debug File System.
[   14.154425] Loading iSCSI transport class v2.0-870.
[[0;32m  OK  [0m] Mounted POSIX Message Queue File System.
[[0;32m  OK  [0m] Mounted Huge Pages File System.
[[0;32m  OK  [0m] Started Create list of required staâ€¦vice nodes for the current kernel.
[[0;32m  OK  [0m] Started Uncomplicated firewall.
         Starting Create Static Device Nodes in /dev...
[[0;32m  OK  [0m] Started File System Check Daemon to report status.
[[0;32m  OK  [0m] Started LVM2 metadata daemon.
[   14.230663] iscsi: registered transport (tcp)
[[0;32m  OK  [0m] Started udev Coldplug all Devices.
[[0;32m  OK  [0m] Started Create Static Device Nodes in /dev.
[[0;32m  OK  [0m] Started File System Check on Root Device.
         Starting Remount Root and Kernel File Systems...
[[0;32m  OK  [0m] Started Monitoring of LVM2 mirrors,â€¦sing dmeventd or progress polling.
[[0;32m  OK  [0m] Started Journal Service.
[   14.430615] iscsi: registered transport (iser)
[   14.437028] EXT4-fs (sda1): re-mounted. Opts: (null)
[[0;32m  OK  [0m] Started Remount Root and Kernel File Systems.
         Starting Load/Save Random Seed...
         Starting Flush Journal to Persistent Storage...
         Starting udev Kernel Device Manager...
[[0;32m  OK  [0m] Started Set the console keyboard layout.
[[0;32m  OK  [0m] Started Load Kernel Modules.
         Mounting FUSE Control File System...
         Mounting Kernel Configuration File System...
         Starting Apply Kernel Variables...
[[0;32m  OK  [0m] Reached target Local File Systems (Pre).
[[0;32m  OK  [0m] Reached target Local File Systems.
         Starting Tell Plymouth To Write Out Runtime Data...
         Starting AppArmor initialization...
         Starting Commit a transient machine-id on disk...
         Starting Set console font and keymap...
         Starting ebtables ruleset management...
[[0;32m  OK  [0m] Mounted FUSE Control File System.
[[0;32m  OK  [0m] Mounted Kernel Configuration File System.
[   14.554700] systemd-journald[414]: Received request to flush runtime journal from PID 1
[[0;32m  OK  [0m] Started udev Kernel Device Manager.
[[0;32m  OK  [0m] Started Dispatch Password Requests to Console Directory Watch.
[[0;32m  OK  [0m] Reached target Local Encrypted Volumes.
[[0;32m  OK  [0m] Started Load/Save Random Seed.
[[0;32m  OK  [0m] Started Set console font and keymap.
[[0;32m  OK  [0m] Started Apply Kernel Variables.
[[0;32m  OK  [0m] Started Tell Plymouth To Write Out Runtime Data.
[[0;32m  OK  [0m] Started Commit a transient machine-id on disk.
[[0;32m  OK  [0m] Started Flush Journal to Persistent Storage.
         Starting Create Volatile Files and Directories...
[[0;32m  OK  [0m] Started ebtables ruleset management.
[[0;32m  OK  [0m] Started Create Volatile Files and Directories.
         Starting Update UTMP about System Boot/Shutdown...
[[0;32m  OK  [0m] Started Update UTMP about System Boot/Shutdown.
[[0;32m  OK  [0m] Found device /dev/ttyS0.
[[0;32m  OK  [0m] Listening on Load/Save RF Kill Switch Status /dev/rfkill Watch.
[[0;32m  OK  [0m] Started AppArmor initialization.
         Starting Load AppArmor profiles managed internally by snapd...
         Starting Initial cloud-init job (pre-networking)...
[[0;32m  OK  [0m] Started Load AppArmor profiles managed internally by snapd.
[   20.264192] cloud-init[567]: Cloud-init v. 21.1-19-gbad84ad4-0ubuntu1~18.04.2 running 'init-local' at Fri, 14 May 2021 01:41:46 +0000. Up 19.36 seconds.
[[0;32m  OK  [0m] Started Initial cloud-init job (pre-networking).
[[0;32m  OK  [0m] Reached target Network (Pre).
         Starting Network Service...
[[0;32m  OK  [0m] Started Network Service.
         Starting Network Name Resolution...
         Starting Wait for Network to be Configured...
[[0;32m  OK  [0m] Started Network Name Resolution.
[[0;32m  OK  [0m] Reached target Host and Network Name Lookups.
[[0;32m  OK  [0m] Reached target Network.
[[0;32m  OK  [0m] Started Wait for Network to be Configured.
         Starting Initial cloud-init job (metadata service crawler)...
[   23.566520] cloud-init[669]: Cloud-init v. 21.1-19-gbad84ad4-0ubuntu1~18.04.2 running 'init' at Fri, 14 May 2021 01:41:50 +0000. Up 23.20 seconds.
[   23.569648] cloud-init[669]: ci-info: ++++++++++++++++++++++++++++++++++++++Net device info++++++++++++++++++++++++++++++++++++++
[   23.574257] cloud-init[669]: ci-info: +--------+------+----------------------------+---------------+--------+-------------------+
[   23.579490] cloud-init[669]: ci-info: | Device |  Up  |          Address           |      Mask     | Scope  |     Hw-Address    |
[   23.584226] cloud-init[669]: ci-info: +--------+------+----------------------------+---------------+--------+-------------------+
[   23.586585] cloud-init[669]: ci-info: | enp0s3 | True |         10.0.2.15          | 255.255.255.0 | global | 02:d3:71:11:39:e1 |
[   23.590746] cloud-init[669]: ci-info: | enp0s3 | True | fe80::d3:71ff:fe11:39e1/64 |       .       |  link  | 02:d3:71:11:39:e1 |
[   23.594613] cloud-init[669]: ci-info: |   lo   | True |         127.0.0.1          |   255.0.0.0   |  host  |         .         |
[   23.608455] cloud-init[669]: ci-info: |   lo   | True |          ::1/128           |       .       |  host  |         .         |
[   23.612492] cloud-init[669]: ci-info: +--------+------+----------------------------+---------------+--------+-------------------+
[   23.615147] cloud-init[669]: ci-info: ++++++++++++++++++++++++++++Route IPv4 info+++++++++++++++++++++++++++++
[   23.617385] cloud-init[669]: ci-info: +-------+-------------+----------+-----------------+-----------+-------+
[   23.620487] cloud-init[669]: ci-info: | Route | Destination | Gateway  |     Genmask     | Interface | Flags |
[   23.623802] cloud-init[669]: ci-info: +-------+-------------+----------+-----------------+-----------+-------+
[   23.627108] cloud-init[669]: ci-info: |   0   |   0.0.0.0   | 10.0.2.2 |     0.0.0.0     |   enp0s3  |   UG  |
[   23.630544] cloud-init[669]: ci-info: |   1   |   10.0.2.0  | 0.0.0.0  |  255.255.255.0  |   enp0s3  |   U   |
[   23.633732] cloud-init[669]: ci-info: |   2   |   10.0.2.2  | 0.0.0.0  | 255.255.255.255 |   enp0s3  |   UH  |
[   23.637113] cloud-init[669]: ci-info: +-------+-------------+----------+-----------------+-----------+-------+
[   23.640398] cloud-init[669]: ci-info: +++++++++++++++++++Route IPv6 info+++++++++++++++++++
[   23.643097] cloud-init[669]: ci-info: +-------+-------------+---------+-----------+-------+
[   23.645875] cloud-init[669]: ci-info: | Route | Destination | Gateway | Interface | Flags |
[   23.648722] cloud-init[669]: ci-info: +-------+-------------+---------+-----------+-------+
[   23.651441] cloud-init[669]: ci-info: |   1   |  fe80::/64  |    ::   |   enp0s3  |   U   |
[   23.654319] cloud-init[669]: ci-info: |   3   |    local    |    ::   |   enp0s3  |   U   |
[   23.657180] cloud-init[669]: ci-info: |   4   |   ff00::/8  |    ::   |   enp0s3  |   U   |
[   23.659971] cloud-init[669]: ci-info: +-------+-------------+---------+-----------+-------+
[   25.321886] cloud-init[669]: Generating public/private rsa key pair.
[   25.323882] cloud-init[669]: Your identification has been saved in /etc/ssh/ssh_host_rsa_key.
[   25.325715] cloud-init[669]: Your public key has been saved in /etc/ssh/ssh_host_rsa_key.pub.
[   25.327986] cloud-init[669]: The key fingerprint is:
[   25.329567] cloud-init[669]: SHA256:geSxpZV1uv7YA77GykC83ZtcjGgA7iLWO3ra1pBhQjQ root@ubuntu-bionic
[   25.331539] cloud-init[669]: The key's randomart image is:
[   25.332888] cloud-init[669]: +---[RSA 2048]----+
[   25.333747] cloud-init[669]: |.E    o oo. .    |
[   25.335054] cloud-init[669]: | ..  o B.  o     |
[   25.336042] cloud-init[669]: |.   . = . .      |
[   25.337689] cloud-init[669]: | . + o   . .     |
[   25.349037] cloud-init[669]: |  o + + S .      |
[   25.350318] cloud-init[669]: |  .+ . + +.o     |
[   25.351578] cloud-init[669]: |....+ o +o+.o    |
[   25.352959] cloud-init[669]: |...=.. + .+B.    |
[   25.353948] cloud-init[669]: | o=o.   oo*.o.   |
[   25.354881] cloud-init[669]: +----[SHA256]-----+
[   25.364730] cloud-init[669]: Generating public/private dsa key pair.
[   25.366080] cloud-init[669]: Your identification has been saved in /etc/ssh/ssh_host_dsa_key.
[   25.367906] cloud-init[669]: Your public key has been saved in /etc/ssh/ssh_host_dsa_key.pub.
[   25.380672] cloud-init[669]: The key fingerprint is:
[   25.393056] cloud-init[669]: SHA256:8gZ3eXwI1/BG9PkbXS1svEemtahlI6cZDXOgPiSqmj0 root@ubuntu-bionic
[   25.395010] cloud-init[669]: The key's randomart image is:
[   25.396487] cloud-init[669]: +---[DSA 1024]----+
[   25.397887] cloud-init[669]: |           ...o  |
[   25.408680] cloud-init[669]: |          . .B .o|
[   25.410114] cloud-init[669]: |       . o.o..O.B|
[   25.411508] cloud-init[669]: |      . +  ==+.B=|
[   25.412925] cloud-init[669]: |     .o Sooo+B+o+|
[   25.414149] cloud-init[669]: |    .  = ...X...o|
[   25.415421] cloud-init[669]: |   .    o  +   . |
[   25.416591] cloud-init[669]: |  +E   .         |
[   25.417909] cloud-init[669]: | o ..            |
[   25.419231] cloud-init[669]: +----[SHA256]-----+
[   25.432856] cloud-init[669]: Generating public/private ecdsa key pair.
[   25.434946] cloud-init[669]: Your identification has been saved in /etc/ssh/ssh_host_ecdsa_key.
[   25.437104] cloud-init[669]: Your public key has been saved in /etc/ssh/ssh_host_ecdsa_key.pub.
[   25.439735] cloud-init[669]: The key fingerprint is:
[   25.441106] cloud-init[669]: SHA256:ZMauCSfSuX14gqiYmM8NioREKC45GcypAMcYXjypOrg root@ubuntu-bionic
[   25.442971] cloud-init[669]: The key's randomart image is:
[   25.445351] cloud-init[669]: +---[ECDSA 256]---+
[   25.446944] cloud-init[669]: |o+o..            |
[   25.448327] cloud-init[669]: |B.++   .         |
[   25.449969] cloud-init[669]: |=*. .   =        |
[   25.460902] cloud-init[669]: |*= . . =         |
[   25.472579] cloud-init[669]: |Oo. = . S        |
[   25.484767] cloud-init[669]: |B. o B +         |
[   25.484983] cloud-init[669]: |.+o o * o        |
[[0;32m  OK  [0m] [   25.485572] Started Initial cloud-init job (metadata service crawler).cloud-init
[669]: |E* o   +         |
[   25.485821] cloud-init[669]: |O.o .            |
[   25.486038] cloud-init[669]: +----[SHA256]-----+
[   25.486266] cloud-init[669]: Generating public/private ed25519 key pair.
[   25.486754] cloud-init[669]: Your identification has been saved in /etc/ssh/ssh_host_ed25519_key.
[   25.496404] cloud-init[669]: Your public key has been saved in /etc/ssh/ssh_host_ed25519_key.pub.
[   25.499123] cloud-init[669]: The key fingerprint is:
[   25.500721] cloud-init[669]: SHA256:0P6p72/LbKNMadu8Pp2D+E1HXNwtSrDGRJfhOXox688 root@ubuntu-bionic
[   25.503317] cloud-init[669]: The key's randomart image is:
[[   25.505195] cloud-init[669]: +--[ED25519 256]--+
[   25.505432] cloud-init[669]: |         .+ oo   |
[   25.506534] cloud-init[669]: |       . o =.. .o|
[   25.507380] cloud-init[669]: |      . . + B . =|
[   25.509416] cloud-init[669]: |       o . o * o.|
[   25.510108] cloud-init[669]: |        S . +   o|
[   25.510679] cloud-init[669]: |         . =   . |
[0;32m  OK  [0m] Reached target Cloud-config availability.
[[0;32m  OK  [0m] Reached target Network is Online.
[   25.511479] cloud-init[669]: |          *..o...|
         Starting Availability of block devices...
[[0;32m  OK  [0m] Reached target Remote File Systems (Pre).
[[0;32m  OK  [0m] Reached target Remote File Systems.
[[0;32m  OK  [0m] Reached target System Initialization.
[[0;32m  OK  [0m] Started Message of the Day.
[[0;32m  OK  [0m] Listening on ACPID Listen Socket.
[   25.529102] cloud-init[669]: |         =.**=+. |
         Starting LXD - unix socket.
[[0;32m  OK  [0m] Listening on UUID daemon activation socket.
[[0;32m  OK  [0m] Started Daily apt download activities.
[[0;32m  OK  [0m] Listening on Open-iSCSI iscsid Socket.
[[0;32m  OK  [0m] Started Discard unused blocks once a week.
[   25.544291] cloud-init[669]: |        .o*B@=E. |
[[0;32m  OK  [0m] Started ACPI Events Check.
[[0;32m  OK  [0m] Reached target Paths.
         Starting Socket activation for snappy daemon.
[   25.566052] [[0;32m  OK  [0m] Started Daily apt upgrade and clean activities.
[[0;32m  OK  [0m] Started Daily Cleanup of Temporary Directories.
[[0;32m  OK  [0m] Reached target Timers.
[[0;32m  OK  [0m] Listening on D-Bus System Message Bus Socket.
[[0;32m  OK  [0m] Started Availability of block devices.
[[0;32m  OK  [0m] Listening on LXD - unix socket.
[[0;32m  OK  [0m] Listening on Socket activation for snappy daemon.
[[0;32m  OK  [0m] Reached target Sockets.
[[0;32m  OK  [0m] Reached target Basic System.
cloud-init[669]: +----[SHA256]-----+         Starting System Logging Service...
         Starting Dispatcher daemon for systemd-networkd...
         Starting Login Service...
         Starting LSB: automatic crash report generation...
         Starting LSB: Record successful boot for GRUB...

         Starting Pollinate to seed the pseudo random number generator...
         Starting Permit User Sessions...
[[0;32m  OK  [0m] Started Regular background program processing daemon.
         Starting Virtualbox guest utils...
         Starting Accounts Service...
[[0;32m  OK  [0m] Started irqbalance daemon.
[[0;32m  OK  [0m] Started Deferred execution scheduler.
         Starting LXD - container startup/shutdown...
[[0;32m  OK  [0m] Started FUSE filesystem for LXC.
         Starting Snap Daemon...
[[0;32m  OK  [0m] Started D-Bus System Message Bus.
[[0;32m  OK  [0m] Started Login Service.
[[0;32m  OK  [0m] Started Unattended Upgrades Shutdown.
[[0;32m  OK  [0m] Started System Logging Service.
[[0;32m  OK  [0m] Started Permit User Sessions.
         Starting Hold until boot process finishes up...
         Starting Terminate Plymouth Boot Screen...
[[0;32m  OK  [0m] Started Hold until boot process finishes up.
         Starting Set console scheme...
[[0;32m  OK  [0m] Started Serial Getty on ttyS0.
[[0;32m  OK  [0m] Started Terminate Plymouth Boot Screen.
[[0;32m  OK  [0m] Started LXD - container startup/shutdown.
[[0;32m  OK  [0m] Started Set console scheme.
[[0;32m  OK  [0m] Created slice system-getty.slice.
[[0;32m  OK  [0m] Started Getty on tty1.
[[0;32m  OK  [0m] Reached target Login Prompts.
         Starting Authorization Manager...
[[0;32m  OK  [0m] Started LSB: automatic crash report generation.
[[0;32m  OK  [0m] Started Authorization Manager.
[[0;32m  OK  [0m] Started Accounts Service.
[[0;32m  OK  [0m] Started LSB: Record successful boot for GRUB.
[[0;32m  OK  [0m] Started Virtualbox guest utils.
[[0;32m  OK  [0m] Started Dispatcher daemon for systemd-networkd.
[[0;32m  OK  [0m] Started Snap Daemon.
         Starting Wait until snapd is fully seeded...
[[0;32m  OK  [0m] Started Pollinate to seed the pseudo random number generator.
         Starting OpenBSD Secure Shell server...
[[0;32m  OK  [0m] Started OpenBSD Secure Shell server.
[[0;32m  OK  [0m] Created slice User Slice of vagrant.
         Starting User Manager for UID 1000...
[[0;32m  OK  [0m] Started Session 1 of user vagrant.
[[0;32m  OK  [0m] Started User Manager for UID 1000.

Ubuntu 18.04.5 LTS ubuntu-bionic ttyS0

ubuntu-bionic login: [   36.331179] cloud-init[1229]: Cloud-init v. 21.1-19-gbad84ad4-0ubuntu1~18.04.2 running 'modules:config' at Fri, 14 May 2021 01:42:02 +0000. Up 35.33 seconds.
ci-info: no authorized SSH keys fingerprints found for user ubuntu.
<14>May 14 01:42:04 ec2: 
<14>May 14 01:42:04 ec2: #############################################################
<14>May 14 01:42:04 ec2: -----BEGIN SSH HOST KEY FINGERPRINTS-----
<14>May 14 01:42:04 ec2: 1024 SHA256:8gZ3eXwI1/BG9PkbXS1svEemtahlI6cZDXOgPiSqmj0 root@ubuntu-bionic (DSA)
<14>May 14 01:42:04 ec2: 256 SHA256:ZMauCSfSuX14gqiYmM8NioREKC45GcypAMcYXjypOrg root@ubuntu-bionic (ECDSA)
<14>May 14 01:42:04 ec2: 256 SHA256:0P6p72/LbKNMadu8Pp2D+E1HXNwtSrDGRJfhOXox688 root@ubuntu-bionic (ED25519)
<14>May 14 01:42:04 ec2: 2048 SHA256:geSxpZV1uv7YA77GykC83ZtcjGgA7iLWO3ra1pBhQjQ root@ubuntu-bionic (RSA)
<14>May 14 01:42:04 ec2: -----END SSH HOST KEY FINGERPRINTS-----
<14>May 14 01:42:04 ec2: #############################################################
-----BEGIN SSH HOST KEY KEYS-----
ecdsa-sha2-nistp256 AAAAE2VjZHNhLXNoYTItbmlzdHAyNTYAAAAIbmlzdHAyNTYAAABBBApUtaZ0GQBE0jmFlj3Deg4Ztsbc2SdGI/G+gED/aW3dFZPjGUm0pPEqzTZ0GyW8Kz04UWAZwtOfrZQblMxr18s= root@ubuntu-bionic
ssh-ed25519 AAAAC3NzaC1lZDI1NTE5AAAAINcDusJw0/B2NpNYPZ6D+AwSHQYBRsRWLNd7yysw+uBy root@ubuntu-bionic
ssh-rsa AAAAB3NzaC1yc2EAAAADAQABAAABAQDMSNsx3XoJH5upOYF84vl7Q+bHqLWbseni0+pp6T/TCvgN5R0/0lU/I7shSiQUtyI6ejhlIUpqAHMsH//jwytncGGOyRHCkqZAv847mDimMIZoyVIEYNbKWsmB+C7iKmR21aC8jX9pI9r3AEoE1pgKsaKJYY0rROYrsfqUUZ/RtaYYR5N5ugvkL8UJYyJnJpesMdnTpD81mV8BrQwZwmwzZQFm66nz1PknVOHkdLtY9vZ29E1ocn1q8WKQXoqDrN9iBSujf9PJ51zQ2K/ml9gyC4XimkX9aMd/1G2oq3Lg0nGpqtKuCtP5RBUpjtEDQ4RYeT0BJbx7Wpw0HWU6lOYD root@ubuntu-bionic
-----END SSH HOST KEY KEYS-----
[   37.691445] cloud-init[1386]: Cloud-init v. 21.1-19-gbad84ad4-0ubuntu1~18.04.2 running 'modules:final' at Fri, 14 May 2021 01:42:04 +0000. Up 37.36 seconds.
[   37.691568] cloud-init[1386]: ci-info: no authorized SSH keys fingerprints found for user ubuntu.
[   37.693322] cloud-init[1386]: Cloud-init v. 21.1-19-gbad84ad4-0ubuntu1~18.04.2 finished at Fri, 14 May 2021 01:42:04 +0000. Datasource DataSourceNoCloud [seed=/dev/sdb][dsmode=net].  Up 37.67 seconds
[37488.386440] INFO: rcu_sched detected stalls on CPUs/tasks:
[37488.388012] 	1-...!: (1 GPs behind) idle=5e2/140000000000000/0 softirq=92433/92434 fqs=4 
[37488.389703] 	(detected by 0, t=61741 jiffies, g=49678, c=49677, q=230)
[37488.392306] rcu_sched kthread starved for 61733 jiffies! g49678 c49677 f0x0 RCU_GP_WAIT_FQS(3) ->state=0x402 ->cpu=0
[192248.895884] INFO: rcu_sched detected stalls on CPUs/tasks:
[192248.897442] 	1-...!: (1 GPs behind) idle=eb4/0/0 softirq=138991/138991 fqs=1 
[192248.899025] 	(detected by 0, t=270676 jiffies, g=111028, c=111027, q=8)
[192248.901249] rcu_sched kthread starved for 820381 jiffies! g111028 c111027 f0x0 RCU_GP_WAIT_FQS(3) ->state=0x402 ->cpu=0
[192248.903380] INFO: rcu_sched detected stalls on CPUs/tasks:
[192248.904424] 	1-...!: (1 GPs behind) idle=ec4/0/0 softirq=138991/138991 fqs=1 
[192248.906106] 	(detected by 0, t=820434 jiffies, g=111028, c=111027, q=8)
[192248.908227] rcu_sched kthread starved for 820383 jiffies! g111028 c111027 f0x2 RCU_GP_WAIT_FQS(3) ->state=0x0 ->cpu=0
[275945.855081] INFO: rcu_sched detected stalls on CPUs/tasks:
[275946.830116] 	(detected by 0, t=465203 jiffies, g=161194, c=161193, q=672)
[275946.833403] All QSes seen, last rcu_sched kthread activity 465189 (4362780187-4362314998), jiffies_till_next_fqs=1, root ->qsmask 0x0
[275946.840027] rcu_sched kthread starved for 465189 jiffies! g161194 c161193 f0x2 RCU_GP_WAIT_FQS(3) ->state=0x200 ->cpu=0
[275946.848014] INFO: rcu_sched detected stalls on CPUs/tasks:
[275946.851627] 	(detected by 0, t=1564963 jiffies, g=161194, c=161193, q=680)
[275946.856438] All QSes seen, last rcu_sched kthread activity 1564949 (4363879947-4362314998), jiffies_till_next_fqs=1, root ->qsmask 0x0
[275946.862974] rcu_sched kthread starved for 1564949 jiffies! g161194 c161193 f0x2 RCU_GP_WAIT_FQS(3) ->state=0x200 ->cpu=0
[282802.846721] INFO: rcu_sched self-detected stall on CPU
[282802.874858] 	0-...!: (1 ticks this GP) idle=a96/1/0 softirq=548343/548343 fqs=0 
[282803.026506] 	 (t=497100 jiffies g=161895 c=161894 q=8)
[282803.038910] INFO: rcu_sched self-detected stall on CPU
[282803.043141] rcu_sched kthread starved for 1046905 jiffies! g161895 c161894 f0x0 RCU_GP_WAIT_FQS(3) ->state=0x402 ->cpu=0
[282803.055679] 	1-...!: (1 GPs behind) idle=7f2/1/0 softirq=183308/183308 fqs=0 
[282803.068613] 	 (t=1046905 jiffies g=161895 c=161894 q=8)
[282803.070844] rcu_sched kthread starved for 1046905 jiffies! g161895 c161894 f0x0 RCU_GP_WAIT_FQS(3) ->state=0x0 ->cpu=0
[82.202235] INFO: rcu_sched self-detected stall on CPU
[361782.454661] INFO: rcu_sched self-detected stall on CPU
[361783.257788] 	0-...!: (1 ticks this GP) idle=25e/1/0 softirq=665595/665595 fqs=0 
[361783.261259] 	
[361783.261263] 	1-...!: (1 GPs behind) idle=69a/1/0 softirq=203399/203399 fqs=0 
[361783.261269] rcu_sched kthread starved for 20907 jiffies! g190121 c190120 f0x0 RCU_GP_WAIT_FQS(3) ->state=0x402 ->cpu=0
[361783.261764] 	 (t=20907 jiffies g=190121 c=190120 q=8)
[361783.268307] rcu_sched kthread starved for 20907 jiffies! g190121 c190120 f0x0 RCU_GP_WAIT_FQS(3) ->state=0x402 ->cpu=0
[379719.620877] INFO: rcu_sched self-detected stall on CPU
[379719.623323] 	0-...!: (1 ticks this GP) idle=34a/1/0 softirq=732564/732564 fqs=0 
[379719.626432] 	 (t=91999 jiffies g=203569 c=203568 q=1)
[379719.628619] rcu_sched kthread starved for 91999 jiffies! g203569 c203568 f0x0 RCU_GP_WAIT_FQS(3) ->state=0x402 ->cpu=0
